// Jest Snapshot v1, https://goo.gl/fbAQLP

exports[`Home Component Snapshot renders correctly 1`] = `
<div>
  <div>
    Navbar
  </div>
  <div
    class="container mx-auto py-10"
  >
    <div>
      FilterInfoTitle
    </div>
    <div
      class="flex gap-7"
    >
      <div
        class="flex-1"
      >
        <div>
          EmptyCard
        </div>
      </div>
      <div
        class="w-[350px]"
      >
        <div
          class="bg-white border border-slate-200 shadow-lg shadow-slate-200/60 rounded-lg"
        >
          <div
            class="p-3"
          >
            <div
              class="rdp-root"
              data-mode="range"
            >
              <div
                class="rdp-months"
              >
                <nav
                  aria-label=""
                  class="rdp-nav"
                >
                  <button
                    aria-label="Go to the Previous Month"
                    class="rdp-button_previous"
                    type="button"
                  >
                    <svg
                      class="rdp-chevron"
                      height="24"
                      viewBox="0 0 24 24"
                      width="24"
                    >
                      <polygon
                        points="16 18.112 9.81111111 12 16 5.87733333 14.0888889 4 6 12 14.0888889 20"
                      />
                    </svg>
                  </button>
                  <button
                    aria-label="Go to the Next Month"
                    class="rdp-button_next"
                    type="button"
                  >
                    <svg
                      class="rdp-chevron"
                      height="24"
                      viewBox="0 0 24 24"
                      width="24"
                    >
                      <polygon
                        points="8 18.612 14.1888889 12.5 8 6.37733333 9.91111111 4.5 18 12.5 9.91111111 20.5"
                      />
                    </svg>
                  </button>
                </nav>
                <div
                  class="rdp-month"
                >
                  <div
                    class="rdp-month_caption"
                  >
                    <div
                      class="rdp-dropdowns"
                    >
                      <span
                        aria-live="polite"
                        role="status"
                      >
                        November
                      </span>
                      <span
                        aria-live="polite"
                        role="status"
                      >
                        2024
                      </span>
                    </div>
                  </div>
                  <table
                    aria-label="November 2024"
                    aria-multiselectable="true"
                    class="rdp-month_grid"
                    role="grid"
                  >
                    <thead>
                      <tr
                        class="rdp-weekdays"
                      >
                        <th
                          aria-label="Sunday"
                          class="rdp-weekday"
                          scope="col"
                        >
                          Su
                        </th>
                        <th
                          aria-label="Monday"
                          class="rdp-weekday"
                          scope="col"
                        >
                          Mo
                        </th>
                        <th
                          aria-label="Tuesday"
                          class="rdp-weekday"
                          scope="col"
                        >
                          Tu
                        </th>
                        <th
                          aria-label="Wednesday"
                          class="rdp-weekday"
                          scope="col"
                        >
                          We
                        </th>
                        <th
                          aria-label="Thursday"
                          class="rdp-weekday"
                          scope="col"
                        >
                          Th
                        </th>
                        <th
                          aria-label="Friday"
                          class="rdp-weekday"
                          scope="col"
                        >
                          Fr
                        </th>
                        <th
                          aria-label="Saturday"
                          class="rdp-weekday"
                          scope="col"
                        >
                          Sa
                        </th>
                      </tr>
                    </thead>
                    <tbody
                      class="rdp-weeks"
                    >
                      <tr
                        class="rdp-week"
                      >
                        <td
                          aria-hidden="true"
                          class="rdp-day rdp-hidden rdp-outside"
                          data-day="2024-10-27"
                          data-hidden="true"
                          data-month="2024-10"
                          data-outside="true"
                        >
                          <button
                            aria-label="Sunday, October 27th, 2024"
                            class="rdp-day_button"
                            tabindex="-1"
                            type="button"
                          >
                            27
                          </button>
                        </td>
                        <td
                          aria-hidden="true"
                          class="rdp-day rdp-hidden rdp-outside"
                          data-day="2024-10-28"
                          data-hidden="true"
                          data-month="2024-10"
                          data-outside="true"
                        >
                          <button
                            aria-label="Monday, October 28th, 2024"
                            class="rdp-day_button"
                            tabindex="-1"
                            type="button"
                          >
                            28
                          </button>
                        </td>
                        <td
                          aria-hidden="true"
                          class="rdp-day rdp-hidden rdp-outside"
                          data-day="2024-10-29"
                          data-hidden="true"
                          data-month="2024-10"
                          data-outside="true"
                        >
                          <button
                            aria-label="Tuesday, October 29th, 2024"
                            class="rdp-day_button"
                            tabindex="-1"
                            type="button"
                          >
                            29
                          </button>
                        </td>
                        <td
                          aria-hidden="true"
                          class="rdp-day rdp-hidden rdp-outside"
                          data-day="2024-10-30"
                          data-hidden="true"
                          data-month="2024-10"
                          data-outside="true"
                        >
                          <button
                            aria-label="Wednesday, October 30th, 2024"
                            class="rdp-day_button"
                            tabindex="-1"
                            type="button"
                          >
                            30
                          </button>
                        </td>
                        <td
                          aria-hidden="true"
                          class="rdp-day rdp-hidden rdp-outside"
                          data-day="2024-10-31"
                          data-hidden="true"
                          data-month="2024-10"
                          data-outside="true"
                        >
                          <button
                            aria-label="Thursday, October 31st, 2024"
                            class="rdp-day_button"
                            tabindex="-1"
                            type="button"
                          >
                            31
                          </button>
                        </td>
                        <td
                          class="rdp-day"
                          data-day="2024-11-01"
                        >
                          <button
                            aria-label="Friday, November 1st, 2024"
                            class="rdp-day_button"
                            tabindex="-1"
                            type="button"
                          >
                            1
                          </button>
                        </td>
                        <td
                          class="rdp-day"
                          data-day="2024-11-02"
                        >
                          <button
                            aria-label="Saturday, November 2nd, 2024"
                            class="rdp-day_button"
                            tabindex="-1"
                            type="button"
                          >
                            2
                          </button>
                        </td>
                      </tr>
                      <tr
                        class="rdp-week"
                      >
                        <td
                          class="rdp-day"
                          data-day="2024-11-03"
                        >
                          <button
                            aria-label="Sunday, November 3rd, 2024"
                            class="rdp-day_button"
                            tabindex="-1"
                            type="button"
                          >
                            3
                          </button>
                        </td>
                        <td
                          class="rdp-day"
                          data-day="2024-11-04"
                        >
                          <button
                            aria-label="Monday, November 4th, 2024"
                            class="rdp-day_button"
                            tabindex="-1"
                            type="button"
                          >
                            4
                          </button>
                        </td>
                        <td
                          class="rdp-day"
                          data-day="2024-11-05"
                        >
                          <button
                            aria-label="Tuesday, November 5th, 2024"
                            class="rdp-day_button"
                            tabindex="-1"
                            type="button"
                          >
                            5
                          </button>
                        </td>
                        <td
                          class="rdp-day"
                          data-day="2024-11-06"
                        >
                          <button
                            aria-label="Wednesday, November 6th, 2024"
                            class="rdp-day_button"
                            tabindex="-1"
                            type="button"
                          >
                            6
                          </button>
                        </td>
                        <td
                          class="rdp-day"
                          data-day="2024-11-07"
                        >
                          <button
                            aria-label="Thursday, November 7th, 2024"
                            class="rdp-day_button"
                            tabindex="-1"
                            type="button"
                          >
                            7
                          </button>
                        </td>
                        <td
                          class="rdp-day"
                          data-day="2024-11-08"
                        >
                          <button
                            aria-label="Friday, November 8th, 2024"
                            class="rdp-day_button"
                            tabindex="-1"
                            type="button"
                          >
                            8
                          </button>
                        </td>
                        <td
                          class="rdp-day"
                          data-day="2024-11-09"
                        >
                          <button
                            aria-label="Saturday, November 9th, 2024"
                            class="rdp-day_button"
                            tabindex="-1"
                            type="button"
                          >
                            9
                          </button>
                        </td>
                      </tr>
                      <tr
                        class="rdp-week"
                      >
                        <td
                          class="rdp-day"
                          data-day="2024-11-10"
                        >
                          <button
                            aria-label="Sunday, November 10th, 2024"
                            class="rdp-day_button"
                            tabindex="-1"
                            type="button"
                          >
                            10
                          </button>
                        </td>
                        <td
                          class="rdp-day"
                          data-day="2024-11-11"
                        >
                          <button
                            aria-label="Monday, November 11th, 2024"
                            class="rdp-day_button"
                            tabindex="-1"
                            type="button"
                          >
                            11
                          </button>
                        </td>
                        <td
                          class="rdp-day"
                          data-day="2024-11-12"
                        >
                          <button
                            aria-label="Tuesday, November 12th, 2024"
                            class="rdp-day_button"
                            tabindex="-1"
                            type="button"
                          >
                            12
                          </button>
                        </td>
                        <td
                          class="rdp-day"
                          data-day="2024-11-13"
                        >
                          <button
                            aria-label="Wednesday, November 13th, 2024"
                            class="rdp-day_button"
                            tabindex="-1"
                            type="button"
                          >
                            13
                          </button>
                        </td>
                        <td
                          class="rdp-day"
                          data-day="2024-11-14"
                        >
                          <button
                            aria-label="Thursday, November 14th, 2024"
                            class="rdp-day_button"
                            tabindex="-1"
                            type="button"
                          >
                            14
                          </button>
                        </td>
                        <td
                          class="rdp-day"
                          data-day="2024-11-15"
                        >
                          <button
                            aria-label="Friday, November 15th, 2024"
                            class="rdp-day_button"
                            tabindex="-1"
                            type="button"
                          >
                            15
                          </button>
                        </td>
                        <td
                          class="rdp-day"
                          data-day="2024-11-16"
                        >
                          <button
                            aria-label="Saturday, November 16th, 2024"
                            class="rdp-day_button"
                            tabindex="-1"
                            type="button"
                          >
                            16
                          </button>
                        </td>
                      </tr>
                      <tr
                        class="rdp-week"
                      >
                        <td
                          class="rdp-day"
                          data-day="2024-11-17"
                        >
                          <button
                            aria-label="Sunday, November 17th, 2024"
                            class="rdp-day_button"
                            tabindex="-1"
                            type="button"
                          >
                            17
                          </button>
                        </td>
                        <td
                          class="rdp-day"
                          data-day="2024-11-18"
                        >
                          <button
                            aria-label="Monday, November 18th, 2024"
                            class="rdp-day_button"
                            tabindex="-1"
                            type="button"
                          >
                            18
                          </button>
                        </td>
                        <td
                          class="rdp-day"
                          data-day="2024-11-19"
                        >
                          <button
                            aria-label="Tuesday, November 19th, 2024"
                            class="rdp-day_button"
                            tabindex="-1"
                            type="button"
                          >
                            19
                          </button>
                        </td>
                        <td
                          class="rdp-day"
                          data-day="2024-11-20"
                        >
                          <button
                            aria-label="Wednesday, November 20th, 2024"
                            class="rdp-day_button"
                            tabindex="-1"
                            type="button"
                          >
                            20
                          </button>
                        </td>
                        <td
                          class="rdp-day"
                          data-day="2024-11-21"
                        >
                          <button
                            aria-label="Thursday, November 21st, 2024"
                            class="rdp-day_button"
                            tabindex="-1"
                            type="button"
                          >
                            21
                          </button>
                        </td>
                        <td
                          class="rdp-day rdp-today"
                          data-day="2024-11-22"
                          data-today="true"
                        >
                          <button
                            aria-label="Today, Friday, November 22nd, 2024"
                            class="rdp-day_button"
                            tabindex="0"
                            type="button"
                          >
                            22
                          </button>
                        </td>
                        <td
                          class="rdp-day"
                          data-day="2024-11-23"
                        >
                          <button
                            aria-label="Saturday, November 23rd, 2024"
                            class="rdp-day_button"
                            tabindex="-1"
                            type="button"
                          >
                            23
                          </button>
                        </td>
                      </tr>
                      <tr
                        class="rdp-week"
                      >
                        <td
                          class="rdp-day"
                          data-day="2024-11-24"
                        >
                          <button
                            aria-label="Sunday, November 24th, 2024"
                            class="rdp-day_button"
                            tabindex="-1"
                            type="button"
                          >
                            24
                          </button>
                        </td>
                        <td
                          class="rdp-day"
                          data-day="2024-11-25"
                        >
                          <button
                            aria-label="Monday, November 25th, 2024"
                            class="rdp-day_button"
                            tabindex="-1"
                            type="button"
                          >
                            25
                          </button>
                        </td>
                        <td
                          class="rdp-day"
                          data-day="2024-11-26"
                        >
                          <button
                            aria-label="Tuesday, November 26th, 2024"
                            class="rdp-day_button"
                            tabindex="-1"
                            type="button"
                          >
                            26
                          </button>
                        </td>
                        <td
                          class="rdp-day"
                          data-day="2024-11-27"
                        >
                          <button
                            aria-label="Wednesday, November 27th, 2024"
                            class="rdp-day_button"
                            tabindex="-1"
                            type="button"
                          >
                            27
                          </button>
                        </td>
                        <td
                          class="rdp-day"
                          data-day="2024-11-28"
                        >
                          <button
                            aria-label="Thursday, November 28th, 2024"
                            class="rdp-day_button"
                            tabindex="-1"
                            type="button"
                          >
                            28
                          </button>
                        </td>
                        <td
                          class="rdp-day"
                          data-day="2024-11-29"
                        >
                          <button
                            aria-label="Friday, November 29th, 2024"
                            class="rdp-day_button"
                            tabindex="-1"
                            type="button"
                          >
                            29
                          </button>
                        </td>
                        <td
                          class="rdp-day"
                          data-day="2024-11-30"
                        >
                          <button
                            aria-label="Saturday, November 30th, 2024"
                            class="rdp-day_button"
                            tabindex="-1"
                            type="button"
                          >
                            30
                          </button>
                        </td>
                      </tr>
                    </tbody>
                  </table>
                </div>
              </div>
            </div>
          </div>
        </div>
      </div>
    </div>
  </div>
  <button
    class="w-16 h-16 flex items-center justify-center rounded-full bg-primary hover:bg-cyan-400 fixed right-10 bottom-10"
  >
    <svg
      class="text-[32px] text-white"
      fill="currentColor"
      height="1em"
      stroke="currentColor"
      stroke-width="0"
      viewBox="0 0 24 24"
      width="1em"
      xmlns="http://www.w3.org/2000/svg"
    >
      <path
        d="M0 0h24v24H0z"
        fill="none"
      />
      <path
        d="M19 13h-6v6h-2v-6H5v-2h6V5h2v6h6v2z"
      />
    </svg>
  </button>
</div>
`;
